10:53:16 **** Incremental Build of configuration Debug for project 1_Emulation_SPI_If ****
make -j8 all 
arm-none-eabi-gcc "../Core/Src/main.c" -mcpu=cortex-m3 -std=gnu11 -g3 -DDEBUG -DUSE_HAL_DRIVER -DSTM32F103xB -c -I../Core/Inc -I../Drivers/STM32F1xx_HAL_Driver/Inc -I../Drivers/STM32F1xx_HAL_Driver/Inc/Legacy -I../Drivers/CMSIS/Device/ST/STM32F1xx/Include -I../Drivers/CMSIS/Include -O0 -ffunction-sections -fdata-sections -Wall -fstack-usage -fcyclomatic-complexity -MMD -MP -MF"Core/Src/main.d" -MT"Core/Src/main.o" --specs=nano.specs -mfloat-abi=soft -mthumb -o "Core/Src/main.o"
arm-none-eabi-gcc -o "1_Emulation_SPI_If.elf" @"objects.list"   -mcpu=cortex-m3 -T"D:\Users\soumy\GitHub\Learn_embedded_software_dev\EmbeddedProjects\Embedded_Displays\1_Emulation_SPI_If\STM32F103RBTX_FLASH.ld" --specs=nosys.specs -Wl,-Map="1_Emulation_SPI_If.map" -Wl,--gc-sections -static --specs=nano.specs -mfloat-abi=soft -mthumb -Wl,--start-group -lc -lm -Wl,--end-group
Finished building target: 1_Emulation_SPI_If.elf
 
arm-none-eabi-size   1_Emulation_SPI_If.elf 
arm-none-eabi-objdump -h -S  1_Emulation_SPI_If.elf  > "1_Emulation_SPI_If.list"
   text	   data	    bss	    dec	    hex	filename
   8924	    112	   2064	  11100	   2b5c	1_Emulation_SPI_If.elf
Finished building: default.size.stdout
 
Finished building: 1_Emulation_SPI_If.list
 

10:53:20 Build Finished. 0 errors, 0 warnings. (took 3s.854ms)

