12:06:55 **** Clean-only build of configuration Debug for project F429x_Vibgyor_bars ****
make -j8 clean 
rm -rf ./Startup/startup_stm32f429zitx.d ./Startup/startup_stm32f429zitx.o
rm -rf ./Src/bsp_lcd.cyclo ./Src/bsp_lcd.d ./Src/bsp_lcd.o ./Src/bsp_lcd.su ./Src/bsp_lcd_ex.cyclo ./Src/bsp_lcd_ex.d ./Src/bsp_lcd_ex.o ./Src/bsp_lcd_ex.su ./Src/main.cyclo ./Src/main.d ./Src/main.o ./Src/main.su ./Src/syscalls.cyclo ./Src/syscalls.d ./Src/syscalls.o ./Src/syscalls.su ./Src/sysmem.cyclo ./Src/sysmem.d ./Src/sysmem.o ./Src/sysmem.su
rm -rf F429x_Vibgyor_bars.elf F429x_Vibgyor_bars.list F429x_Vibgyor_bars.map default.size.stdout
 
12:06:56 **** Build of configuration Debug for project F429x_Vibgyor_bars ****
make -j8 all 
arm-none-eabi-gcc -mcpu=cortex-m4 -g3 -DDEBUG -DSTM32F429 -c -x assembler-with-cpp -MMD -MP -MF"Startup/startup_stm32f429zitx.d" -MT"Startup/startup_stm32f429zitx.o" --specs=nano.specs -mfpu=fpv4-sp-d16 -mfloat-abi=soft -mthumb -o "Startup/startup_stm32f429zitx.o" "../Startup/startup_stm32f429zitx.s"
arm-none-eabi-gcc "../Src/bsp_lcd.c" -mcpu=cortex-m4 -std=gnu11 -g3 -DDEBUG -DSTM32F429I_DISC1 -DSTM32 -DSTM32F429ZITx -DSTM32F4 -c -I../Inc -O0 -ffunction-sections -fdata-sections -Wall -fstack-usage -fcyclomatic-complexity -MMD -MP -MF"Src/bsp_lcd.d" -MT"Src/bsp_lcd.o" --specs=nano.specs -mfpu=fpv4-sp-d16 -mfloat-abi=soft -mthumb -o "Src/bsp_lcd.o"
arm-none-eabi-gcc "../Src/bsp_lcd_ex.c" -mcpu=cortex-m4 -std=gnu11 -g3 -DDEBUG -DSTM32F429I_DISC1 -DSTM32 -DSTM32F429ZITx -DSTM32F4 -c -I../Inc -O0 -ffunction-sections -fdata-sections -Wall -fstack-usage -fcyclomatic-complexity -MMD -MP -MF"Src/bsp_lcd_ex.d" -MT"Src/bsp_lcd_ex.o" --specs=nano.specs -mfpu=fpv4-sp-d16 -mfloat-abi=soft -mthumb -o "Src/bsp_lcd_ex.o"
arm-none-eabi-gcc "../Src/main.c" -mcpu=cortex-m4 -std=gnu11 -g3 -DDEBUG -DSTM32F429I_DISC1 -DSTM32 -DSTM32F429ZITx -DSTM32F4 -c -I../Inc -O0 -ffunction-sections -fdata-sections -Wall -fstack-usage -fcyclomatic-complexity -MMD -MP -MF"Src/main.d" -MT"Src/main.o" --specs=nano.specs -mfpu=fpv4-sp-d16 -mfloat-abi=soft -mthumb -o "Src/main.o"
arm-none-eabi-gcc "../Src/syscalls.c" -mcpu=cortex-m4 -std=gnu11 -g3 -DDEBUG -DSTM32F429I_DISC1 -DSTM32 -DSTM32F429ZITx -DSTM32F4 -c -I../Inc -O0 -ffunction-sections -fdata-sections -Wall -fstack-usage -fcyclomatic-complexity -MMD -MP -MF"Src/syscalls.d" -MT"Src/syscalls.o" --specs=nano.specs -mfpu=fpv4-sp-d16 -mfloat-abi=soft -mthumb -o "Src/syscalls.o"
arm-none-eabi-gcc "../Src/sysmem.c" -mcpu=cortex-m4 -std=gnu11 -g3 -DDEBUG -DSTM32F429I_DISC1 -DSTM32 -DSTM32F429ZITx -DSTM32F4 -c -I../Inc -O0 -ffunction-sections -fdata-sections -Wall -fstack-usage -fcyclomatic-complexity -MMD -MP -MF"Src/sysmem.d" -MT"Src/sysmem.o" --specs=nano.specs -mfpu=fpv4-sp-d16 -mfloat-abi=soft -mthumb -o "Src/sysmem.o"
arm-none-eabi-gcc -o "F429x_Vibgyor_bars.elf" @"objects.list"   -mcpu=cortex-m4 -T"D:\Users\soumy\GitHub\Learn_embedded_software_dev\EmbeddedGraphicsLVGL-MCU3-main\Projects\001Vibgyor_Bars\1_32F429IDISCOVERY\STM32F429ZITX_FLASH.ld" --specs=nosys.specs -Wl,-Map="F429x_Vibgyor_bars.map" -Wl,--gc-sections -static --specs=nano.specs -mfpu=fpv4-sp-d16 -mfloat-abi=soft -mthumb -Wl,--start-group -lc -lm -Wl,--end-group
D:/ST/STM32CubeIDE_1.9.0/STM32CubeIDE/plugins/com.st.stm32cube.ide.mcu.externaltools.gnu-tools-for-stm32.13.3.rel1.win32_1.0.100.202509120712/tools/bin/../lib/gcc/arm-none-eabi/13.3.1/../../../../arm-none-eabi/bin/ld.exe: warning: F429x_Vibgyor_bars.elf has a LOAD segment with RWX permissions
Finished building target: F429x_Vibgyor_bars.elf
 
arm-none-eabi-size  F429x_Vibgyor_bars.elf 
arm-none-eabi-objdump -h -S F429x_Vibgyor_bars.elf  > "F429x_Vibgyor_bars.list"
   text	   data	    bss	    dec	    hex	filename
   4936	     96	 155168	 160200	  271c8	F429x_Vibgyor_bars.elf
Finished building: default.size.stdout
 
Finished building: F429x_Vibgyor_bars.list
 
12:09:51 **** Incremental Build of configuration Debug for project F429x_Vibgyor_bars ****
make -j8 all 
arm-none-eabi-size  F429x_Vibgyor_bars.elf 
   text	   data	    bss	    dec	    hex	filename
   4936	     96	 155168	 160200	  271c8	F429x_Vibgyor_bars.elf
Finished building: default.size.stdout
 
12:09:54 **** Incremental Build of configuration Debug for project F429x_Vibgyor_bars ****
make -j8 all 
arm-none-eabi-size  F429x_Vibgyor_bars.elf 
   text	   data	    bss	    dec	    hex	filename
   4936	     96	 155168	 160200	  271c8	F429x_Vibgyor_bars.elf
Finished building: default.size.stdout
 
